{"time":"2026-10-07T07:19:59.647558942+03:00","level":"INFO","msg":"http_listening","port":"8080","env":"development"}
{"time":"2026-10-07T07:20:05.635951382+03:00","level":"INFO","msg":"http_request","method":"GET","path":"/healthz","status":200,"duration_ms":0,"trace_id":"0cf621b87841b212720a657f85a7e476"}
{"time":"2026-10-07T07:34:23.519717443+03:00","level":"DEBUG","msg":"db_query","op":"","duration_ms":24,"trace_id":"a319956c9192619914a30b38ccfbc34c"}
{"time":"2026-10-07T07:34:23.522859027+03:00","level":"DEBUG","msg":"db_query","op":"","duration_ms":2,"trace_id":"a319956c9192619914a30b38ccfbc34c"}
{"time":"2026-10-07T07:34:23.523101088+03:00","level":"DEBUG","msg":"db_query","op":"begin","duration_ms":0,"trace_id":"a319956c9192619914a30b38ccfbc34c"}
{"time":"2026-10-07T07:34:23.524970624+03:00","level":"DEBUG","msg":"db_query","op":"--","duration_ms":1,"trace_id":"a319956c9192619914a30b38ccfbc34c"}
{"time":"2026-10-07T07:34:23.525040587+03:00","level":"DEBUG","msg":"db_query","op":"commit","duration_ms":0,"trace_id":"a319956c9192619914a30b38ccfbc34c"}
{"time":"2026-10-07T07:34:23.525155643+03:00","level":"INFO","msg":"http_request","method":"POST","path":"/api/v1/auth/forgot-password","status":200,"duration_ms":31,"trace_id":"a319956c9192619914a30b38ccfbc34c"}
{"time":"2026-10-07T07:34:23.537239273+03:00","level":"DEBUG","msg":"db_query","op":"","duration_ms":3,"trace_id":"eebaec75e3e7ee7bc0d74c27bc82ad95"}
{"time":"2026-10-07T07:34:23.539963813+03:00","level":"DEBUG","msg":"db_query","op":"","duration_ms":2,"trace_id":"eebaec75e3e7ee7bc0d74c27bc82ad95"}
{"time":"2026-10-07T07:34:23.540090845+03:00","level":"DEBUG","msg":"db_query","op":"begin","duration_ms":0,"trace_id":"eebaec75e3e7ee7bc0d74c27bc82ad95"}
{"time":"2026-10-07T07:34:23.540267914+03:00","level":"DEBUG","msg":"db_query","op":"--","duration_ms":0,"trace_id":"eebaec75e3e7ee7bc0d74c27bc82ad95"}
{"time":"2026-10-07T07:34:23.540377373+03:00","level":"DEBUG","msg":"db_query","op":"commit","duration_ms":0,"trace_id":"eebaec75e3e7ee7bc0d74c27bc82ad95"}
{"time":"2026-10-07T07:34:23.540410524+03:00","level":"INFO","msg":"http_request","method":"POST","path":"/api/v1/auth/forgot-password","status":200,"duration_ms":7,"trace_id":"eebaec75e3e7ee7bc0d74c27bc82ad95"}
{"time":"2026-10-07T07:34:23.550865733+03:00","level":"DEBUG","msg":"db_query","op":"","duration_ms":3,"trace_id":"d0ba27878b3aa241c46455436ccc7ea5"}
{"time":"2026-10-07T07:34:23.554863228+03:00","level":"DEBUG","msg":"db_query","op":"","duration_ms":3,"trace_id":"d0ba27878b3aa241c46455436ccc7ea5"}
{"time":"2026-10-07T07:34:23.555055303+03:00","level":"DEBUG","msg":"db_query","op":"begin","duration_ms":0,"trace_id":"d0ba27878b3aa241c46455436ccc7ea5"}
{"time":"2026-10-07T07:34:23.555429256+03:00","level":"DEBUG","msg":"db_query","op":"--","duration_ms":0,"trace_id":"d0ba27878b3aa241c46455436ccc7ea5"}
{"time":"2026-10-07T07:34:23.555519252+03:00","level":"DEBUG","msg":"db_query","op":"commit","duration_ms":0,"trace_id":"d0ba27878b3aa241c46455436ccc7ea5"}
{"time":"2026-10-07T07:34:23.555555211+03:00","level":"INFO","msg":"http_request","method":"POST","path":"/api/v1/auth/forgot-password","status":200,"duration_ms":7,"trace_id":"d0ba27878b3aa241c46455436ccc7ea5"}
{"time":"2026-10-07T07:34:23.571310255+03:00","level":"DEBUG","msg":"db_query","op":"","duration_ms":3,"trace_id":"8b03b6dfaec9585f131be50db8cab7bd"}
{"time":"2026-10-07T07:34:23.571549126+03:00","level":"INFO","msg":"http_error","code":"rate_limited","status":429,"path":"/api/v1/auth/forgot-password","method":"POST","trace_id":"8b03b6dfaec9585f131be50db8cab7bd"}
{"time":"2026-10-07T07:34:23.571616077+03:00","level":"INFO","msg":"http_request","method":"POST","path":"/api/v1/auth/forgot-password","status":429,"duration_ms":3,"trace_id":"8b03b6dfaec9585f131be50db8cab7bd"}
{"time":"2026-10-07T07:41:14.491274951+03:00","level":"DEBUG","msg":"db_query","op":"","duration_ms":19}
{"time":"2026-10-07T07:43:27.508915043+03:00","level":"INFO","msg":"shutdown_initiated"}
